// Jest Snapshot v1, https://goo.gl/fbAQLP

exports[`ui-list renders with data 1`] = `
<ui-list>
  <div class="ui-list-table-content">
    <table class="ui-list-table">
      <thead>
        <tr>
          <th>
            <p>
              Name
            </p>
            <i class="withoutOrderBy"></i>
          </th>
        </tr>
      </thead>
      <tbody>
        <tr>
          <td class="name">
            John
          </td>
        </tr>
      </tbody>
    </table>
  </div>
</ui-list>
`;
